Archive member included because of file (symbol)

c:/program files (x86)/atmel/atmel toolchain/avr8 gcc/native/3.4.1056/avr8-gnu-toolchain/bin/../lib/gcc/avr/4.8.1/../../../../avr/lib/avrxmega6\libm.a(addsf3.o)
                              src/DPot.o (__subsf3)
c:/program files (x86)/atmel/atmel toolchain/avr8 gcc/native/3.4.1056/avr8-gnu-toolchain/bin/../lib/gcc/avr/4.8.1/../../../../avr/lib/avrxmega6\libm.a(addsf3x.o)
                              c:/program files (x86)/atmel/atmel toolchain/avr8 gcc/native/3.4.1056/avr8-gnu-toolchain/bin/../lib/gcc/avr/4.8.1/../../../../avr/lib/avrxmega6\libm.a(addsf3.o) (__addsf3x)
c:/program files (x86)/atmel/atmel toolchain/avr8 gcc/native/3.4.1056/avr8-gnu-toolchain/bin/../lib/gcc/avr/4.8.1/../../../../avr/lib/avrxmega6\libm.a(cmpsf2.o)
                              src/measurements.o (__ltsf2)
c:/program files (x86)/atmel/atmel toolchain/avr8 gcc/native/3.4.1056/avr8-gnu-toolchain/bin/../lib/gcc/avr/4.8.1/../../../../avr/lib/avrxmega6\libm.a(divsf3.o)
                              src/measurements.o (__divsf3)
c:/program files (x86)/atmel/atmel toolchain/avr8 gcc/native/3.4.1056/avr8-gnu-toolchain/bin/../lib/gcc/avr/4.8.1/../../../../avr/lib/avrxmega6\libm.a(divsf3x.o)
                              c:/program files (x86)/atmel/atmel toolchain/avr8 gcc/native/3.4.1056/avr8-gnu-toolchain/bin/../lib/gcc/avr/4.8.1/../../../../avr/lib/avrxmega6\libm.a(divsf3.o) (__divsf3x)
c:/program files (x86)/atmel/atmel toolchain/avr8 gcc/native/3.4.1056/avr8-gnu-toolchain/bin/../lib/gcc/avr/4.8.1/../../../../avr/lib/avrxmega6\libm.a(fixunssfsi.o)
                              src/DPot.o (__fixunssfsi)
c:/program files (x86)/atmel/atmel toolchain/avr8 gcc/native/3.4.1056/avr8-gnu-toolchain/bin/../lib/gcc/avr/4.8.1/../../../../avr/lib/avrxmega6\libm.a(floatsisf.o)
                              src/measurements.o (__floatunsisf)
c:/program files (x86)/atmel/atmel toolchain/avr8 gcc/native/3.4.1056/avr8-gnu-toolchain/bin/../lib/gcc/avr/4.8.1/../../../../avr/lib/avrxmega6\libm.a(fp_cmp.o)
                              c:/program files (x86)/atmel/atmel toolchain/avr8 gcc/native/3.4.1056/avr8-gnu-toolchain/bin/../lib/gcc/avr/4.8.1/../../../../avr/lib/avrxmega6\libm.a(cmpsf2.o) (__fp_cmp)
c:/program files (x86)/atmel/atmel toolchain/avr8 gcc/native/3.4.1056/avr8-gnu-toolchain/bin/../lib/gcc/avr/4.8.1/../../../../avr/lib/avrxmega6\libm.a(fp_inf.o)
                              c:/program files (x86)/atmel/atmel toolchain/avr8 gcc/native/3.4.1056/avr8-gnu-toolchain/bin/../lib/gcc/avr/4.8.1/../../../../avr/lib/avrxmega6\libm.a(addsf3x.o) (__fp_inf)
c:/program files (x86)/atmel/atmel toolchain/avr8 gcc/native/3.4.1056/avr8-gnu-toolchain/bin/../lib/gcc/avr/4.8.1/../../../../avr/lib/avrxmega6\libm.a(fp_nan.o)
                              c:/program files (x86)/atmel/atmel toolchain/avr8 gcc/native/3.4.1056/avr8-gnu-toolchain/bin/../lib/gcc/avr/4.8.1/../../../../avr/lib/avrxmega6\libm.a(addsf3x.o) (__fp_nan)
c:/program files (x86)/atmel/atmel toolchain/avr8 gcc/native/3.4.1056/avr8-gnu-toolchain/bin/../lib/gcc/avr/4.8.1/../../../../avr/lib/avrxmega6\libm.a(fp_pscA.o)
                              c:/program files (x86)/atmel/atmel toolchain/avr8 gcc/native/3.4.1056/avr8-gnu-toolchain/bin/../lib/gcc/avr/4.8.1/../../../../avr/lib/avrxmega6\libm.a(addsf3x.o) (__fp_pscA)
c:/program files (x86)/atmel/atmel toolchain/avr8 gcc/native/3.4.1056/avr8-gnu-toolchain/bin/../lib/gcc/avr/4.8.1/../../../../avr/lib/avrxmega6\libm.a(fp_pscB.o)
                              c:/program files (x86)/atmel/atmel toolchain/avr8 gcc/native/3.4.1056/avr8-gnu-toolchain/bin/../lib/gcc/avr/4.8.1/../../../../avr/lib/avrxmega6\libm.a(addsf3x.o) (__fp_pscB)
c:/program files (x86)/atmel/atmel toolchain/avr8 gcc/native/3.4.1056/avr8-gnu-toolchain/bin/../lib/gcc/avr/4.8.1/../../../../avr/lib/avrxmega6\libm.a(fp_round.o)
                              c:/program files (x86)/atmel/atmel toolchain/avr8 gcc/native/3.4.1056/avr8-gnu-toolchain/bin/../lib/gcc/avr/4.8.1/../../../../avr/lib/avrxmega6\libm.a(addsf3.o) (__fp_round)
c:/program files (x86)/atmel/atmel toolchain/avr8 gcc/native/3.4.1056/avr8-gnu-toolchain/bin/../lib/gcc/avr/4.8.1/../../../../avr/lib/avrxmega6\libm.a(fp_split3.o)
                              c:/program files (x86)/atmel/atmel toolchain/avr8 gcc/native/3.4.1056/avr8-gnu-toolchain/bin/../lib/gcc/avr/4.8.1/../../../../avr/lib/avrxmega6\libm.a(addsf3x.o) (__fp_split3)
c:/program files (x86)/atmel/atmel toolchain/avr8 gcc/native/3.4.1056/avr8-gnu-toolchain/bin/../lib/gcc/avr/4.8.1/../../../../avr/lib/avrxmega6\libm.a(fp_zero.o)
                              c:/program files (x86)/atmel/atmel toolchain/avr8 gcc/native/3.4.1056/avr8-gnu-toolchain/bin/../lib/gcc/avr/4.8.1/../../../../avr/lib/avrxmega6\libm.a(addsf3x.o) (__fp_zero)
[...]
Memory Configuration

Name             Origin             Length             Attributes
text             0x00000000         0x00100000         xr
data             0x00802000         0x0000ffa0         rw !x
eeprom           0x00810000         0x00010000         rw !x
fuse             0x00820000         0x00000400         rw !x
lock             0x00830000         0x00000400         rw !x
signature        0x00840000         0x00000400         rw !x
user_signatures  0x00850000         0x00000400         rw !x
*default*        0x00000000         0xffffffff

Linker script and memory map

LOAD c:/program files (x86)/atmel/atmel toolchain/avr8 gcc/native/3.4.1056/avr8-gnu-toolchain/bin/../lib/gcc/avr/4.8.1/../../../../avr/lib/avrxmega6/crtx384c3.o
LOAD src/ASF/xmega/drivers/adc/adc.o
LOAD src/ASF/xmega/drivers/adc/xmega_bcd/adc_bcd.o
LOAD src/measurements.o
LOAD src/usbUtils.o
LOAD src/utils.o
LOAD src/ASF/common/services/clock/xmega/sysclk.o
LOAD src/ASF/common/services/ioport/xmega/ioport_compat.o
LOAD src/ASF/common/services/sleepmgr/xmega/sleepmgr.o
LOAD src/ASF/common/services/spi/xmega_spi/spi_master.o
LOAD src/ASF/common/services/usb/class/hid/device/generic/udi_hid_generic.o
LOAD src/ASF/common/services/usb/class/hid/device/generic/udi_hid_generic_desc.o
LOAD src/ASF/common/services/usb/class/hid/device/udi_hid.o
LOAD src/ASF/common/services/usb/udc/udc.o
LOAD src/ASF/xmega/boards/xmega_c3_xplained/init.o
LOAD src/ASF/xmega/drivers/cpu/ccp.o
LOAD src/ASF/xmega/drivers/nvm/nvm.o
LOAD src/ASF/xmega/drivers/nvm/nvm_asm.o
LOAD src/ASF/xmega/drivers/spi/spi.o
LOAD src/ASF/xmega/drivers/usb/usb_device.o
LOAD src/DPot.o
LOAD src/fontUtils.o
LOAD src/main.o
START GROUP
LOAD c:/program files (x86)/atmel/atmel toolchain/avr8 gcc/native/3.4.1056/avr8-gnu-toolchain/bin/../lib/gcc/avr/4.8.1/../../../../avr/lib/avrxmega6\libm.a
LOAD c:/program files (x86)/atmel/atmel toolchain/avr8 gcc/native/3.4.1056/avr8-gnu-toolchain/bin/../lib/gcc/avr/4.8.1/../../../../avr/lib/avrxmega6\libm.a
LOAD c:/program files (x86)/atmel/atmel toolchain/avr8 gcc/native/3.4.1056/avr8-gnu-toolchain/bin/../lib/gcc/avr/4.8.1/../../../../avr/lib/avrxmega6\libprintf_flt.a
END GROUP
Address of section .BOOT set to 0x60000
START GROUP
LOAD c:/program files (x86)/atmel/atmel toolchain/avr8 gcc/native/3.4.1056/avr8-gnu-toolchain/bin/../lib/gcc/avr/4.8.1/avrxmega6\libgcc.a
LOAD c:/program files (x86)/atmel/atmel toolchain/avr8 gcc/native/3.4.1056/avr8-gnu-toolchain/bin/../lib/gcc/avr/4.8.1/../../../../avr/lib/avrxmega6\libm.a
LOAD c:/program files (x86)/atmel/atmel toolchain/avr8 gcc/native/3.4.1056/avr8-gnu-toolchain/bin/../lib/gcc/avr/4.8.1/../../../../avr/lib/avrxmega6\libc.a
END GROUP

.hash
 *(.hash)

.dynsym
 *(.dynsym)

.dynstr
 *(.dynstr)

.gnu.version
 *(.gnu.version)

.gnu.version_d
 *(.gnu.version_d)

.gnu.version_r
 *(.gnu.version_r)

.rel.init
 *(.rel.init)

.rela.init
 *(.rela.init)

.rel.text
 *(.rel.text)
 *(.rel.text.*)
 *(.rel.gnu.linkonce.t*)

.rela.text
 *(.rela.text)
 *(.rela.text.*)
 *(.rela.gnu.linkonce.t*)

.rel.fini
 *(.rel.fini)

.rela.fini
 *(.rela.fini)

.rel.rodata
 *(.rel.rodata)
 *(.rel.rodata.*)
 *(.rel.gnu.linkonce.r*)

.rela.rodata
 *(.rela.rodata)
 *(.rela.rodata.*)
 *(.rela.gnu.linkonce.r*)

.rel.data
 *(.rel.data)
 *(.rel.data.*)
 *(.rel.gnu.linkonce.d*)

.rela.data
 *(.rela.data)
 *(.rela.data.*)
 *(.rela.gnu.linkonce.d*)

.rel.ctors
 *(.rel.ctors)

.rela.ctors
 *(.rela.ctors)

.rel.dtors
 *(.rel.dtors)

.rela.dtors
 *(.rela.dtors)

.rel.got
 *(.rel.got)

.rela.got
 *(.rela.got)

.rel.bss
 *(.rel.bss)

.rela.bss
 *(.rela.bss)

.rel.plt
 *(.rel.plt)

.rela.plt
 *(.rela.plt)

.text           0x00000000     0x3fc8
 *(.vectors)
 .vectors       0x00000000      0x1fc c:/program files (x86)/atmel/atmel toolchain/avr8 gcc/native/3.4.1056/avr8-gnu-toolchain/bin/../lib/gcc/avr/4.8.1/../../../../avr/lib/avrxmega6/crtx384c3.o
                0x00000000                __vector_default
                0x00000000                __vectors
 *(.vectors)
 *(.progmem.gcc*)
 .progmem.gcc_sw_table.udd_ep_get_size
                0x000001fc        0xe src/ASF/xmega/drivers/usb/usb_device.o
 .progmem.gcc_sw_table.getCharAsDigit
                0x0000020a       0x14 src/fontUtils.o
                0x0000021e                . = ALIGN (0x2)
                0x0000021e                __trampolines_start = .
 *(.trampolines)
 .trampolines   0x0000021e        0x0 linker stubs
 *(.trampolines*)
                0x0000021e                __trampolines_end = .
 *(.progmem*)
 .progmem.data  0x0000021e        0x8 c:/program files (x86)/atmel/atmel toolchain/avr8 gcc/native/3.4.1056/avr8-gnu-toolchain/bin/../lib/gcc/avr/4.8.1/../../../../avr/lib/avrxmega6\libprintf_flt.a(vfprintf_flt.o)
 .progmem.data  0x00000226       0xfa c:/program files (x86)/atmel/atmel toolchain/avr8 gcc/native/3.4.1056/avr8-gnu-toolchain/bin/../lib/gcc/avr/4.8.1/../../../../avr/lib/avrxmega6\libc.a(ftoa_engine.o)
                0x00000320                . = ALIGN (0x2)
 *(.jumptables)
 *(.jumptables*)
 *(.lowtext)
 *(.lowtext*)
                0x00000320                __ctors_start = .
 *(.ctors)
                0x00000320                __ctors_end = .
                0x00000320                __dtors_start = .
 *(.dtors)
                0x00000320                __dtors_end = .
 SORT(*)(.ctors)
 SORT(*)(.dtors)
 *(.init0)
 .init0         0x00000320        0x0 c:/program files (x86)/atmel/atmel toolchain/avr8 gcc/native/3.4.1056/avr8-gnu-toolchain/bin/../lib/gcc/avr/4.8.1/../../../../avr/lib/avrxmega6/crtx384c3.o
                0x00000320                __init
 *(.init0)
 *(.init1)
 *(.init1)
 *(.init2)
 .init2         0x00000320       0x10 c:/program files (x86)/atmel/atmel toolchain/avr8 gcc/native/3.4.1056/avr8-gnu-toolchain/bin/../lib/gcc/avr/4.8.1/../../../../avr/lib/avrxmega6/crtx384c3.o
 *(.init2)
 *(.init3)
 *(.init3)
 *(.init4)
 .init4         0x00000330       0x1a c:/program files (x86)/atmel/atmel toolchain/avr8 gcc/native/3.4.1056/avr8-gnu-toolchain/bin/../lib/gcc/avr/4.8.1/avrxmega6\libgcc.a(_copy_data.o)
                0x00000330                __do_copy_data
 .init4         0x0000034a       0x10 c:/program files (x86)/atmel/atmel toolchain/avr8 gcc/native/3.4.1056/avr8-gnu-toolchain/bin/../lib/gcc/avr/4.8.1/avrxmega6\libgcc.a(_clear_bss.o)
                0x0000034a                __do_clear_bss
 *(.init4)
 *(.init5)
 *(.init5)
 *(.init6)
 *(.init6)
 *(.init7)
 *(.init7)
 *(.init8)
 *(.init8)
 *(.init9)
 .init9         0x0000035a        0x8 c:/program files (x86)/atmel/atmel toolchain/avr8 gcc/native/3.4.1056/avr8-gnu-toolchain/bin/../lib/gcc/avr/4.8.1/../../../../avr/lib/avrxmega6/crtx384c3.o
 *(.init9)
 *(.text)
 .text          0x00000362        0x2 c:/program files (x86)/atmel/atmel toolchain/avr8 gcc/native/3.4.1056/avr8-gnu-toolchain/bin/../lib/gcc/avr/4.8.1/../../../../avr/lib/avrxmega6/crtx384c3.o
                0x00000362                __vector_38
                0x00000362                __vector_104
                0x00000362                __vector_22
                0x00000362                __vector_63
                0x00000362                __vector_28
                0x00000362                __vector_67
                0x00000362                __vector_1
                0x00000362                __vector_119
                0x00000362                __vector_32
                0x00000362                __vector_75
                0x00000362                __vector_91
                0x00000362                __vector_34
                0x00000362                __vector_62
                0x00000362                __vector_77
                0x00000362                __vector_102
                0x00000362                __vector_24
                0x00000362                __vector_12
                0x00000362                __vector_55
                0x00000362                __vector_69
                0x00000362                __vector_81
                0x00000362                __vector_90
                0x00000362                __vector_46
                0x00000362                __bad_interrupt
                0x00000362                __vector_122
                0x00000362                __vector_72
                0x00000362                __vector_114
                0x00000362                __vector_6
                0x00000362                __vector_110
                0x00000362                __vector_31
                0x00000362                __vector_92
                0x00000362                __vector_35
                0x00000362                __vector_78
                0x00000362                __vector_74
                0x00000362                __vector_117
                0x00000362                __vector_39
                0x00000362                __vector_107
                0x00000362                __vector_3
                0x00000362                __vector_105
                0x00000362                __vector_98
                0x00000362                __vector_23
                0x00000362                __vector_68
                0x00000362                __vector_30
                0x00000362                __vector_73
                0x00000362                __vector_45
                0x00000362                __vector_25
                0x00000362                __vector_93
                0x00000362                __vector_61
                0x00000362                __vector_11
                0x00000362                __vector_54
                0x00000362                __vector_99
                0x00000362                __vector_13
                0x00000362                __vector_17
                0x00000362                __vector_19
                0x00000362                __vector_56
                0x00000362                __vector_7
                0x00000362                __vector_49
                0x00000362                __vector_123
                0x00000362                __vector_41
                0x00000362                __vector_86
                0x00000362                __vector_100
                0x00000362                __vector_101
                0x00000362                __vector_64
                0x00000362                __vector_88
                0x00000362                __vector_109
                0x00000362                __vector_43
                0x00000362                __vector_27
                0x00000362                __vector_5
                0x00000362                __vector_113
                0x00000362                __vector_33
                0x00000362                __vector_76
                0x00000362                __vector_115
                0x00000362                __vector_47
                0x00000362                __vector_52
                0x00000362                __vector_37
                0x00000362                __vector_95
                0x00000362                __vector_103
                0x00000362                __vector_96
                0x00000362                __vector_89
                0x00000362                __vector_108
                0x00000362                __vector_4
                0x00000362                __vector_44
                0x00000362                __vector_82
                0x00000362                __vector_106
                0x00000362                __vector_118
                0x00000362                __vector_51
                0x00000362                __vector_9
                0x00000362                __vector_2
                0x00000362                __vector_21
                0x00000362                __vector_15
                0x00000362                __vector_66
                0x00000362                __vector_36
                0x00000362                __vector_79
                0x00000362                __vector_58
                0x00000362                __vector_70
                0x00000362                __vector_83
                0x00000362                __vector_29
                0x00000362                __vector_60
                0x00000362                __vector_121
                0x00000362                __vector_40
                0x00000362                __vector_85
                0x00000362                __vector_94
                0x00000362                __vector_8
                0x00000362                __vector_26
                0x00000362                __vector_48
                0x00000362                __vector_124
                0x00000362                __vector_116
                0x00000362                __vector_112
                0x00000362                __vector_111
                0x00000362                __vector_80
                0x00000362                __vector_14
                0x00000362                __vector_84
                0x00000362                __vector_57
                0x00000362                __vector_53
                0x00000362                __vector_10
                0x00000362                __vector_50
                0x00000362                __vector_16
                0x00000362                __vector_59
                0x00000362                __vector_18
                0x00000362                __vector_97
                0x00000362                __vector_20
                0x00000362                __vector_42
                0x00000362                __vector_87
                0x00000362                __vector_65
                0x00000362                __vector_120
                0x00000364                . = ALIGN (0x2)
 *(.text.*)
 .text.adc_set_callback
                0x00000364       0x16 src/ASF/xmega/drivers/adc/adc.o
                0x00000364                adc_set_callback
 .text.adc_enable_clock
                0x0000037a       0x1e src/ASF/xmega/drivers/adc/adc.o
                0x0000037a                adc_enable_clock
 .text.adc_disable_clock
                0x00000398       0x1c src/ASF/xmega/drivers/adc/adc.o
                0x00000398                adc_disable_clock
 .text.adc_enable
                0x000003b4       0x2e src/ASF/xmega/drivers/adc/adc.o
                0x000003b4                adc_enable
 .text.__vector_71
                0x000003e2       0x64 src/ASF/xmega/drivers/adc/xmega_bcd/adc_bcd.o
                0x000003e2                __vector_71
 .text.adc_write_configuration
                0x00000446       0x7e src/ASF/xmega/drivers/adc/xmega_bcd/adc_bcd.o
                0x00000446                adc_write_configuration
 .text.adc_read_configuration
                0x000004c4       0x40 src/ASF/xmega/drivers/adc/xmega_bcd/adc_bcd.o
                0x000004c4                adc_read_configuration
 .text.adcch_write_configuration
                0x00000504       0x38 src/ASF/xmega/drivers/adc/xmega_bcd/adc_bcd.o
                0x00000504                adcch_write_configuration
 .text.adcch_read_configuration
                0x0000053c       0x38 src/ASF/xmega/drivers/adc/xmega_bcd/adc_bcd.o
                0x0000053c                adcch_read_configuration
 .text.adc_handler
                0x00000574        0x2 src/measurements.o
 .text.adc_init
                0x00000576       0x9a src/measurements.o
                0x00000576                adc_init
 .text.getADCValue
                0x00000610      0x146 src/measurements.o
                0x00000610                getADCValue
 .text.getPVVADCValue
                0x00000756        0xe src/measurements.o
                0x00000756                getPVVADCValue
 .text.getPVCADCValue
                0x00000764        0xe src/measurements.o
                0x00000764                getPVCADCValue
 .text.getPVVADCVoltage
                0x00000772       0x10 src/measurements.o
                0x00000772                getPVVADCVoltage
 .text.getPVCADCVoltage
                0x00000782       0x10 src/measurements.o
                0x00000782                getPVCADCVoltage
 .text.getPVVVoltage
                0x00000792       0x1c src/measurements.o
                0x00000792                getPVVVoltage
 .text.getPVCCurrent
                0x000007ae       0x28 src/measurements.o
                0x000007ae                getPVCCurrent
 .text.getPVPower
                0x000007d6       0x26 src/measurements.o
                0x000007d6                getPVPower
 .text.getPVVoc
                0x000007fc       0x50 src/measurements.o
                0x000007fc                getPVVoc
 .text.getPVIsc
                0x0000084c       0x54 src/measurements.o
                0x0000084c                getPVIsc
 .text.getUIntFromReport
                0x000008a0       0x98 src/usbUtils.o
                0x000008a0                getUIntFromReport
 .text.my_callback_generic_report_out
                0x00000938      0x210 src/usbUtils.o
                0x00000938                my_callback_generic_report_out
 .text.usbSendPVVVoltage
                0x00000b48       0x7e src/usbUtils.o
                0x00000b48                usbSendPVVVoltage
 .text.usbSendPVCCurrent
                0x00000bc6       0x7e src/usbUtils.o
                0x00000bc6                usbSendPVCCurrent
 .text.usbSendPVPower
                0x00000c44       0x7e src/usbUtils.o
                0x00000c44                usbSendPVPower
 .text.usbSendPVVoc
                0x00000cc2       0x7e src/usbUtils.o
                0x00000cc2                usbSendPVVoc
 .text.usbSendPVIsc
                0x00000d40       0x7e src/usbUtils.o
                0x00000d40                usbSendPVIsc
 .text.sysclk_init
                0x00000dbe       0xd8 src/ASF/common/services/clock/xmega/sysclk.o
                0x00000dbe                sysclk_init
 .text.sysclk_enable_module
                0x00000e96       0x18 src/ASF/common/services/clock/xmega/sysclk.o
                0x00000e96                sysclk_enable_module
 .text.sysclk_disable_module
                0x00000eae       0x16 src/ASF/common/services/clock/xmega/sysclk.o
                0x00000eae                sysclk_disable_module
 .text.sysclk_enable_usb
                0x00000ec4       0x6c src/ASF/common/services/clock/xmega/sysclk.o
                0x00000ec4                sysclk_enable_usb
 .text.ioport_configure_port_pin
                0x00000f30       0x50 src/ASF/common/services/ioport/xmega/ioport_compat.o
                0x00000f30                ioport_configure_port_pin
 .text.spi_master_init
                0x00000f80       0x2e src/ASF/common/services/spi/xmega_spi/spi_master.o
                0x00000f80                spi_master_init
 .text.spi_master_setup_device
                0x00000fae       0x3e src/ASF/common/services/spi/xmega_spi/spi_master.o
                0x00000fae                spi_master_setup_device
 .text.spi_write_packet
                0x00000fec       0x1e src/ASF/common/services/spi/xmega_spi/spi_master.o
                0x00000fec                spi_write_packet
 .text.spi_read_packet
                0x0000100a       0x26 src/ASF/common/services/spi/xmega_spi/spi_master.o
                0x0000100a                spi_read_packet
 .text.spi_select_device
                0x00001030       0x2c src/ASF/common/services/spi/xmega_spi/spi_master.o
                0x00001030                spi_select_device
 .text.spi_deselect_device
                0x0000105c       0x2c src/ASF/common/services/spi/xmega_spi/spi_master.o
                0x0000105c                spi_deselect_device
 .text.udi_hid_generic_disable
                0x00001088        0x2 src/ASF/common/services/usb/class/hid/device/generic/udi_hid_generic.o
                0x00001088                udi_hid_generic_disable
 .text.udi_hid_generic_getsetting
                0x0000108a        0x4 src/ASF/common/services/usb/class/hid/device/generic/udi_hid_generic.o
                0x0000108a                udi_hid_generic_getsetting
 .text.udi_hid_generic_setreport
                0x0000108e       0x54 src/ASF/common/services/usb/class/hid/device/generic/udi_hid_generic.o
 .text.udi_hid_generic_setfeature_valid
                0x000010e2        0x2 src/ASF/common/services/usb/class/hid/device/generic/udi_hid_generic.o
 .text.udi_hid_generic_report_in_sent
                0x000010e4        0x8 src/ASF/common/services/usb/class/hid/device/generic/udi_hid_generic.o
 .text.udi_hid_generic_report_out_enable
                0x000010ec       0x1e src/ASF/common/services/usb/class/hid/device/generic/udi_hid_generic.o
 .text.udi_hid_generic_enable
                0x0000110a       0x12 src/ASF/common/services/usb/class/hid/device/generic/udi_hid_generic.o
                0x0000110a                udi_hid_generic_enable
 .text.udi_hid_generic_report_out_received
                0x0000111c       0x14 src/ASF/common/services/usb/class/hid/device/generic/udi_hid_generic.o
 .text.udi_hid_generic_setup
                0x00001130       0x14 src/ASF/common/services/usb/class/hid/device/generic/udi_hid_generic.o
                0x00001130                udi_hid_generic_setup
 .text.udi_hid_generic_send_report_in
                0x00001144       0x62 src/ASF/common/services/usb/class/hid/device/generic/udi_hid_generic.o
                0x00001144                udi_hid_generic_send_report_in
 .text.udi_hid_setup
                0x000011a6      0x12c src/ASF/common/services/usb/class/hid/device/udi_hid.o
                0x000011a6                udi_hid_setup
 .text.udc_next_desc_in_iface
                0x000012d2       0x6a src/ASF/common/services/usb/udc/udc.o
 .text.udc_valid_address
                0x0000133c        0xa src/ASF/common/services/usb/udc/udc.o
 .text.udc_update_iface_desc
                0x00001346       0x74 src/ASF/common/services/usb/udc/udc.o
 .text.udc_iface_disable
                0x000013ba       0x84 src/ASF/common/services/usb/udc/udc.o
 .text.udc_iface_enable
                0x0000143e       0x64 src/ASF/common/services/usb/udc/udc.o
 .text.udc_get_interface_desc
                0x000014a2        0xa src/ASF/common/services/usb/udc/udc.o
                0x000014a2                udc_get_interface_desc
 .text.udc_start
                0x000014ac        0x4 src/ASF/common/services/usb/udc/udc.o
                0x000014ac                udc_start
 .text.udc_reset
                0x000014b0       0x4a src/ASF/common/services/usb/udc/udc.o
                0x000014b0                udc_reset
 .text.udc_sof_notify
                0x000014fa       0x5e src/ASF/common/services/usb/udc/udc.o
                0x000014fa                udc_sof_notify
 .text.udc_process_setup
                0x00001558      0x51c src/ASF/common/services/usb/udc/udc.o
                0x00001558                udc_process_setup
 .text.board_init
                0x00001a74      0x122 src/ASF/xmega/boards/xmega_c3_xplained/init.o
                0x00001a74                board_init
 .text.ccp_write_io
                0x00001b96        0xc src/ASF/xmega/drivers/cpu/ccp.o
                0x00001b96                ccp_write_io
 .text.nvm_read_byte
                0x00001ba2       0x14 src/ASF/xmega/drivers/nvm/nvm_asm.o
                0x00001ba2                nvm_read_byte
 .text.spi_xmega_set_baud_div
                0x00001bb6       0x90 src/ASF/xmega/drivers/spi/spi.o
                0x00001bb6                spi_xmega_set_baud_div
 .text.udd_sleep_mode
                0x00001c46       0x3e src/ASF/xmega/drivers/usb/usb_device.o
 .text.udd_ctrl_init
                0x00001c84       0x56 src/ASF/xmega/drivers/usb/usb_device.o
 .text.udd_ctrl_stall_data
                0x00001cda       0x1c src/ASF/xmega/drivers/usb/usb_device.o
 .text.udd_ctrl_send_zlp_in
                0x00001cf6       0x1c src/ASF/xmega/drivers/usb/usb_device.o
 .text.udd_ctrl_endofrequest
                0x00001d12       0x10 src/ASF/xmega/drivers/usb/usb_device.o
 .text.udd_ctrl_in_sent
                0x00001d22       0xdc src/ASF/xmega/drivers/usb/usb_device.o
 .text.udd_ep_get_size
                0x00001dfe       0x4a src/ASF/xmega/drivers/usb/usb_device.o
 .text.udd_ep_get_job
                0x00001e48       0x36 src/ASF/xmega/drivers/usb/usb_device.o
 .text.udd_ctrl_interrupt_tc_setup
                0x00001e7e       0xde src/ASF/xmega/drivers/usb/usb_device.o
 .text.udd_ep_trans_complet
                0x00001f5c      0x228 src/ASF/xmega/drivers/usb/usb_device.o
 .text.udd_attach
                0x00002184       0x46 src/ASF/xmega/drivers/usb/usb_device.o
                0x00002184                udd_attach
 .text.udd_enable
                0x000021ca       0xe4 src/ASF/xmega/drivers/usb/usb_device.o
                0x000021ca                udd_enable
 .text.udd_set_address
                0x000022ae        0x6 src/ASF/xmega/drivers/usb/usb_device.o
                0x000022ae                udd_set_address
 .text.udd_getaddress
                0x000022b4        0x6 src/ASF/xmega/drivers/usb/usb_device.o
                0x000022b4                udd_getaddress
 .text.udd_set_setup_payload
                0x000022ba       0x12 src/ASF/xmega/drivers/usb/usb_device.o
                0x000022ba                udd_set_setup_payload
 .text.udd_ep_alloc
                0x000022cc       0xc2 src/ASF/xmega/drivers/usb/usb_device.o
                0x000022cc                udd_ep_alloc
 .text.udd_ep_is_halted
                0x0000238e       0x36 src/ASF/xmega/drivers/usb/usb_device.o
                0x0000238e                udd_ep_is_halted
 .text.udd_ep_clear_halt
                0x000023c4       0x54 src/ASF/xmega/drivers/usb/usb_device.o
                0x000023c4                udd_ep_clear_halt
 .text.udd_ep_run
                0x00002418      0x110 src/ASF/xmega/drivers/usb/usb_device.o
                0x00002418                udd_ep_run
 .text.udd_ep_abort
                0x00002528       0x72 src/ASF/xmega/drivers/usb/usb_device.o
                0x00002528                udd_ep_abort
 .text.udd_ep_free
                0x0000259a       0x3a src/ASF/xmega/drivers/usb/usb_device.o
                0x0000259a                udd_ep_free
 .text.udd_ep_set_halt
                0x000025d4       0x42 src/ASF/xmega/drivers/usb/usb_device.o
                0x000025d4                udd_ep_set_halt
 .text.__vector_125
                0x00002616      0x174 src/ASF/xmega/drivers/usb/usb_device.o
                0x00002616                __vector_125
 .text.__vector_126
                0x0000278a      0x1da src/ASF/xmega/drivers/usb/usb_device.o
                0x0000278a                __vector_126
 .text.spi_dpot_init_pins
                0x00002964       0x3a src/DPot.o
                0x00002964                spi_dpot_init_pins
 .text.spi_dpot_init_module
                0x0000299e       0x48 src/DPot.o
                0x0000299e                spi_dpot_init_module
 .text.dPotInit
                0x000029e6        0x6 src/DPot.o
                0x000029e6                dPotInit
 .text.dPotSelect
                0x000029ec        0xe src/DPot.o
                0x000029ec                dPotSelect
 .text.dPotDeselect
                0x000029fa        0xe src/DPot.o
                0x000029fa                dPotDeselect
 .text.dPotEnableRDAC
                0x00002a08       0x3e src/DPot.o
                0x00002a08                dPotEnableRDAC
 .text.dPotSetValue
                0x00002a46       0x3c src/DPot.o
                0x00002a46                dPotSetValue
 .text.dPotSetRes
                0x00002a82       0x36 src/DPot.o
                0x00002a82                dPotSetRes
 .text.dPotReadRDAC
                0x00002ab8       0x6a src/DPot.o
                0x00002ab8                dPotReadRDAC
 .text.dPotReadRes
                0x00002b22       0x2a src/DPot.o
                0x00002b22                dPotReadRes
 .text.dPotReadFromMem
                0x00002b4c       0x6e src/DPot.o
                0x00002b4c                dPotReadFromMem
 .text.dPotCalibrate
                0x00002bba      0x100 src/DPot.o
                0x00002bba                dPotCalibrate
 .text.getCharAsDigit
                0x00002cba       0x46 src/fontUtils.o
                0x00002cba                getCharAsDigit
 .text.getIntAsString
                0x00002d00       0x48 src/fontUtils.o
                0x00002d00                getIntAsString
 .text.getDoubleAsString
                0x00002d48       0x56 src/fontUtils.o
                0x00002d48                getDoubleAsString
 .text.main     0x00002d9e       0x7c src/main.o
                0x00002d9e                main
 .text.avr-libc.fplib
                0x00002e1a        0xa c:/program files (x86)/atmel/atmel toolchain/avr8 gcc/native/3.4.1056/avr8-gnu-toolchain/bin/../lib/gcc/avr/4.8.1/../../../../avr/lib/avrxmega6\libm.a(addsf3.o)
                0x00002e1a                __subsf3
                0x00002e1c                __addsf3
 .text.avr-libc.fplib
                0x00002e24       0xc0 c:/program files (x86)/atmel/atmel toolchain/avr8 gcc/native/3.4.1056/avr8-gnu-toolchain/bin/../lib/gcc/avr/4.8.1/../../../../avr/lib/avrxmega6\libm.a(addsf3x.o)
                0x00002e3e                __addsf3x
 .text.avr-libc.fplib
                0x00002ee4        0x8 c:/program files (x86)/atmel/atmel toolchain/avr8 gcc/native/3.4.1056/avr8-gnu-toolchain/bin/../lib/gcc/avr/4.8.1/../../../../avr/lib/avrxmega6\libm.a(cmpsf2.o)
                0x00002ee4                __nesf2
                0x00002ee4                __eqsf2
                0x00002ee4                __cmpsf2
                0x00002ee4                __ltsf2
                0x00002ee4                __lesf2
 .text.avr-libc.fplib
                0x00002eec        0x4 c:/program files (x86)/atmel/atmel toolchain/avr8 gcc/native/3.4.1056/avr8-gnu-toolchain/bin/../lib/gcc/avr/4.8.1/../../../../avr/lib/avrxmega6\libm.a(divsf3.o)
                0x00002eec                __divsf3
 .text.avr-libc.fplib
                0x00002ef0       0xcc c:/program files (x86)/atmel/atmel toolchain/avr8 gcc/native/3.4.1056/avr8-gnu-toolchain/bin/../lib/gcc/avr/4.8.1/../../../../avr/lib/avrxmega6\libm.a(divsf3x.o)
                0x00002f06                __divsf3x
                0x00002f0a                __divsf3_pse
 .text.avr-libc.fplib
                0x00002fbc       0x58 c:/program files (x86)/atmel/atmel toolchain/avr8 gcc/native/3.4.1056/avr8-gnu-toolchain/bin/../lib/gcc/avr/4.8.1/../../../../avr/lib/avrxmega6\libm.a(fixunssfsi.o)
                0x00002fbc                __fixunssfsi
 .text.avr-libc.fplib
                0x00003014       0x7a c:/program files (x86)/atmel/atmel toolchain/avr8 gcc/native/3.4.1056/avr8-gnu-toolchain/bin/../lib/gcc/avr/4.8.1/../../../../avr/lib/avrxmega6\libm.a(floatsisf.o)
                0x00003014                __floatunsisf
                0x00003018                __floatsisf
 .text.avr-libc.fplib
                0x0000308e       0x48 c:/program files (x86)/atmel/atmel toolchain/avr8 gcc/native/3.4.1056/avr8-gnu-toolchain/bin/../lib/gcc/avr/4.8.1/../../../../avr/lib/avrxmega6\libm.a(fp_cmp.o)
                0x0000308e                __fp_cmp
 .text.avr-libc.fplib
                0x000030d6        0xc c:/program files (x86)/atmel/atmel toolchain/avr8 gcc/native/3.4.1056/avr8-gnu-toolchain/bin/../lib/gcc/avr/4.8.1/../../../../avr/lib/avrxmega6\libm.a(fp_inf.o)
                0x000030d6                __fp_inf
 .text.avr-libc.fplib
                0x000030e2        0x6 c:/program files (x86)/atmel/atmel toolchain/avr8 gcc/native/3.4.1056/avr8-gnu-toolchain/bin/../lib/gcc/avr/4.8.1/../../../../avr/lib/avrxmega6\libm.a(fp_nan.o)
                0x000030e2                __fp_nan
 .text.avr-libc.fplib
                0x000030e8        0xe c:/program files (x86)/atmel/atmel toolchain/avr8 gcc/native/3.4.1056/avr8-gnu-toolchain/bin/../lib/gcc/avr/4.8.1/../../../../avr/lib/avrxmega6\libm.a(fp_pscA.o)
                0x000030e8                __fp_pscA
 .text.avr-libc.fplib
                0x000030f6        0xe c:/program files (x86)/atmel/atmel toolchain/avr8 gcc/native/3.4.1056/avr8-gnu-toolchain/bin/../lib/gcc/avr/4.8.1/../../../../avr/lib/avrxmega6\libm.a(fp_pscB.o)
                0x000030f6                __fp_pscB
 .text.avr-libc.fplib
                0x00003104       0x22 c:/program files (x86)/atmel/atmel toolchain/avr8 gcc/native/3.4.1056/avr8-gnu-toolchain/bin/../lib/gcc/avr/4.8.1/../../../../avr/lib/avrxmega6\libm.a(fp_round.o)
                0x00003104                __fp_round
 .text.avr-libc.fplib
                0x00003126       0x44 c:/program files (x86)/atmel/atmel toolchain/avr8 gcc/native/3.4.1056/avr8-gnu-toolchain/bin/../lib/gcc/avr/4.8.1/../../../../avr/lib/avrxmega6\libm.a(fp_split3.o)
                0x00003126                __fp_split3
                0x00003136                __fp_splitA
 .text.avr-libc.fplib
                0x0000316a        0xe c:/program files (x86)/atmel/atmel toolchain/avr8 gcc/native/3.4.1056/avr8-gnu-toolchain/bin/../lib/gcc/avr/4.8.1/../../../../avr/lib/avrxmega6\libm.a(fp_zero.o)
                0x0000316a                __fp_zero
                0x0000316c                __fp_szero
 .text.avr-libc.fplib
                0x00003178        0x8 c:/program files (x86)/atmel/atmel toolchain/avr8 gcc/native/3.4.1056/avr8-gnu-toolchain/bin/../lib/gcc/avr/4.8.1/../../../../avr/lib/avrxmega6\libm.a(gesf2.o)
                0x00003178                __gesf2
                0x00003178                __gtsf2
 .text.avr-libc.fplib
                0x00003180        0x4 c:/program files (x86)/atmel/atmel toolchain/avr8 gcc/native/3.4.1056/avr8-gnu-toolchain/bin/../lib/gcc/avr/4.8.1/../../../../avr/lib/avrxmega6\libm.a(mulsf3.o)
                0x00003180                __mulsf3
 .text.avr-libc.fplib
                0x00003184       0xc2 c:/program files (x86)/atmel/atmel toolchain/avr8 gcc/native/3.4.1056/avr8-gnu-toolchain/bin/../lib/gcc/avr/4.8.1/../../../../avr/lib/avrxmega6\libm.a(mulsf3x.o)
                0x00003198                __mulsf3x
                0x0000319c                __mulsf3_pse
 .text.avr-libc
                0x00003246      0x702 c:/program files (x86)/atmel/atmel toolchain/avr8 gcc/native/3.4.1056/avr8-gnu-toolchain/bin/../lib/gcc/avr/4.8.1/../../../../avr/lib/avrxmega6\libprintf_flt.a(vfprintf_flt.o)
                0x00003246                vfprintf
 .text.libgcc.div
                0x00003948       0x28 c:/program files (x86)/atmel/atmel toolchain/avr8 gcc/native/3.4.1056/avr8-gnu-toolchain/bin/../lib/gcc/avr/4.8.1/avrxmega6\libgcc.a(_udivmodhi4.o)
                0x00003948                __udivmodhi4
 .text.libgcc.div
                0x00003970       0x44 c:/program files (x86)/atmel/atmel toolchain/avr8 gcc/native/3.4.1056/avr8-gnu-toolchain/bin/../lib/gcc/avr/4.8.1/avrxmega6\libgcc.a(_udivmodsi4.o)
                0x00003970                __udivmodsi4
 .text.libgcc   0x000039b4        0xc c:/program files (x86)/atmel/atmel toolchain/avr8 gcc/native/3.4.1056/avr8-gnu-toolchain/bin/../lib/gcc/avr/4.8.1/avrxmega6\libgcc.a(_tablejump.o)
                0x000039b4                __tablejump2__
                0x000039b8                __tablejump__
 .text.avr-libc
                0x000039c0       0x34 c:/program files (x86)/atmel/atmel toolchain/avr8 gcc/native/3.4.1056/avr8-gnu-toolchain/bin/../lib/gcc/avr/4.8.1/../../../../avr/lib/avrxmega6\libc.a(calloc.o)
                0x000039c0                calloc
 .text.avr-libc
                0x000039f4      0x24e c:/program files (x86)/atmel/atmel toolchain/avr8 gcc/native/3.4.1056/avr8-gnu-toolchain/bin/../lib/gcc/avr/4.8.1/../../../../avr/lib/avrxmega6\libc.a(malloc.o)
                0x000039f4                malloc
                0x00003b24                free
 .text.avr-libc
                0x00003c42      0x1b0 c:/program files (x86)/atmel/atmel toolchain/avr8 gcc/native/3.4.1056/avr8-gnu-toolchain/bin/../lib/gcc/avr/4.8.1/../../../../avr/lib/avrxmega6\libc.a(ftoa_engine.o)
                0x00003c42                __ftoa_engine
 .text.avr-libc
                0x00003df2       0x16 c:/program files (x86)/atmel/atmel toolchain/avr8 gcc/native/3.4.1056/avr8-gnu-toolchain/bin/../lib/gcc/avr/4.8.1/../../../../avr/lib/avrxmega6\libc.a(strnlen_P.o)
                0x00003df2                strnlen_P
 .text.avr-libc
                0x00003e08       0x12 c:/program files (x86)/atmel/atmel toolchain/avr8 gcc/native/3.4.1056/avr8-gnu-toolchain/bin/../lib/gcc/avr/4.8.1/../../../../avr/lib/avrxmega6\libc.a(memcpy.o)
                0x00003e08                memcpy
 .text.avr-libc
                0x00003e1a        0xe c:/program files (x86)/atmel/atmel toolchain/avr8 gcc/native/3.4.1056/avr8-gnu-toolchain/bin/../lib/gcc/avr/4.8.1/../../../../avr/lib/avrxmega6\libc.a(memset.o)
                0x00003e1a                memset
 .text.avr-libc
                0x00003e28       0x16 c:/program files (x86)/atmel/atmel toolchain/avr8 gcc/native/3.4.1056/avr8-gnu-toolchain/bin/../lib/gcc/avr/4.8.1/../../../../avr/lib/avrxmega6\libc.a(strcat.o)
                0x00003e28                strcat
 .text.avr-libc
                0x00003e3e       0x16 c:/program files (x86)/atmel/atmel toolchain/avr8 gcc/native/3.4.1056/avr8-gnu-toolchain/bin/../lib/gcc/avr/4.8.1/../../../../avr/lib/avrxmega6\libc.a(strnlen.o)
                0x00003e3e                strnlen
 .text.avr-libc
                0x00003e54       0x64 c:/program files (x86)/atmel/atmel toolchain/avr8 gcc/native/3.4.1056/avr8-gnu-toolchain/bin/../lib/gcc/avr/4.8.1/../../../../avr/lib/avrxmega6\libc.a(fputc.o)
                0x00003e54                fputc
 .text.avr-libc
                0x00003eb8       0x50 c:/program files (x86)/atmel/atmel toolchain/avr8 gcc/native/3.4.1056/avr8-gnu-toolchain/bin/../lib/gcc/avr/4.8.1/../../../../avr/lib/avrxmega6\libc.a(sprintf.o)
                0x00003eb8                sprintf
 .text.avr-libc
                0x00003f08       0xbc c:/program files (x86)/atmel/atmel toolchain/avr8 gcc/native/3.4.1056/avr8-gnu-toolchain/bin/../lib/gcc/avr/4.8.1/../../../../avr/lib/avrxmega6\libc.a(ultoa_invert.o)
                0x00003f08                __ultoa_invert
                0x00003fc4                . = ALIGN (0x2)
 *(.fini9)
 .fini9         0x00003fc4        0x0 c:/program files (x86)/atmel/atmel toolchain/avr8 gcc/native/3.4.1056/avr8-gnu-toolchain/bin/../lib/gcc/avr/4.8.1/avrxmega6\libgcc.a(_exit.o)
                0x00003fc4                _exit
                0x00003fc4                exit
 *(.fini9)
 *(.fini8)
 *(.fini8)
 *(.fini7)
 *(.fini7)
 *(.fini6)
 *(.fini6)
 *(.fini5)
 *(.fini5)
 *(.fini4)
 *(.fini4)
 *(.fini3)
 *(.fini3)
 *(.fini2)
 *(.fini2)
 *(.fini1)
 *(.fini1)
 *(.fini0)
 .fini0         0x00003fc4        0x4 c:/program files (x86)/atmel/atmel toolchain/avr8 gcc/native/3.4.1056/avr8-gnu-toolchain/bin/../lib/gcc/avr/4.8.1/avrxmega6\libgcc.a(_exit.o)
 *(.fini0)
                0x00003fc8                _etext = .

.data           0x00802000      0x160 load address 0x00003fc8
                0x00802000                PROVIDE (__data_start, .)
 *(.data)
 .data          0x00802000        0x0 c:/program files (x86)/atmel/atmel toolchain/avr8 gcc/native/3.4.1056/avr8-gnu-toolchain/bin/../lib/gcc/avr/4.8.1/../../../../avr/lib/avrxmega6/crtx384c3.o
 .data          0x00802000        0x0 src/ASF/xmega/drivers/adc/adc.o
 .data          0x00802000        0x0 src/ASF/xmega/drivers/adc/xmega_bcd/adc_bcd.o
 .data          0x00802000        0x0 src/measurements.o
 .data          0x00802000        0x0 src/usbUtils.o
 .data          0x00802000        0x0 src/utils.o
 .data          0x00802000        0x0 src/ASF/common/services/clock/xmega/sysclk.o
 .data          0x00802000        0x0 src/ASF/common/services/ioport/xmega/ioport_compat.o
 .data          0x00802000        0x0 src/ASF/common/services/sleepmgr/xmega/sleepmgr.o
 .data          0x00802000        0x0 src/ASF/common/services/spi/xmega_spi/spi_master.o
 .data          0x00802000        0x0 src/ASF/common/services/usb/class/hid/device/generic/udi_hid_generic.o
 .data          0x00802000        0x0 src/ASF/common/services/usb/class/hid/device/generic/udi_hid_generic_desc.o
 .data          0x00802000        0x0 src/ASF/common/services/usb/class/hid/device/udi_hid.o
 .data          0x00802000        0x0 src/ASF/common/services/usb/udc/udc.o
 .data          0x00802000        0x0 src/ASF/xmega/boards/xmega_c3_xplained/init.o
 .data          0x00802000        0x0 src/ASF/xmega/drivers/cpu/ccp.o
 .data          0x00802000        0x0 src/ASF/xmega/drivers/nvm/nvm.o
 .data          0x00802000        0x0 src/ASF/xmega/drivers/nvm/nvm_asm.o
 .data          0x00802000        0x0 src/ASF/xmega/drivers/spi/spi.o
 .data          0x00802000        0x0 src/ASF/xmega/drivers/usb/usb_device.o
 .data          0x00802000        0x0 src/DPot.o
 .data          0x00802000        0x0 src/fontUtils.o
 .data          0x00802000        0x0 src/main.o
 .data          0x00802000        0x0 c:/program files (x86)/atmel/atmel toolchain/avr8 gcc/native/3.4.1056/avr8-gnu-toolchain/bin/../lib/gcc/avr/4.8.1/../../../../avr/lib/avrxmega6\libm.a(addsf3.o)
 .data          0x00802000        0x0 c:/program files (x86)/atmel/atmel toolchain/avr8 gcc/native/3.4.1056/avr8-gnu-toolchain/bin/../lib/gcc/avr/4.8.1/../../../../avr/lib/avrxmega6\libm.a(addsf3x.o)
 .data          0x00802000        0x0 c:/program files (x86)/atmel/atmel toolchain/avr8 gcc/native/3.4.1056/avr8-gnu-toolchain/bin/../lib/gcc/avr/4.8.1/../../../../avr/lib/avrxmega6\libm.a(cmpsf2.o)
 .data          0x00802000        0x0 c:/program files (x86)/atmel/atmel toolchain/avr8 gcc/native/3.4.1056/avr8-gnu-toolchain/bin/../lib/gcc/avr/4.8.1/../../../../avr/lib/avrxmega6\libm.a(divsf3.o)
 .data          0x00802000        0x0 c:/program files (x86)/atmel/atmel toolchain/avr8 gcc/native/3.4.1056/avr8-gnu-toolchain/bin/../lib/gcc/avr/4.8.1/../../../../avr/lib/avrxmega6\libm.a(divsf3x.o)
 .data          0x00802000        0x0 c:/program files (x86)/atmel/atmel toolchain/avr8 gcc/native/3.4.1056/avr8-gnu-toolchain/bin/../lib/gcc/avr/4.8.1/../../../../avr/lib/avrxmega6\libm.a(fixunssfsi.o)
 .data          0x00802000        0x0 c:/program files (x86)/atmel/atmel toolchain/avr8 gcc/native/3.4.1056/avr8-gnu-toolchain/bin/../lib/gcc/avr/4.8.1/../../../../avr/lib/avrxmega6\libm.a(floatsisf.o)
 .data          0x00802000        0x0 c:/program files (x86)/atmel/atmel toolchain/avr8 gcc/native/3.4.1056/avr8-gnu-toolchain/bin/../lib/gcc/avr/4.8.1/../../../../avr/lib/avrxmega6\libm.a(fp_cmp.o)
 .data          0x00802000        0x0 c:/program files (x86)/atmel/atmel toolchain/avr8 gcc/native/3.4.1056/avr8-gnu-toolchain/bin/../lib/gcc/avr/4.8.1/../../../../avr/lib/avrxmega6\libm.a(fp_inf.o)
 .data          0x00802000        0x0 c:/program files (x86)/atmel/atmel toolchain/avr8 gcc/native/3.4.1056/avr8-gnu-toolchain/bin/../lib/gcc/avr/4.8.1/../../../../avr/lib/avrxmega6\libm.a(fp_nan.o)
 .data          0x00802000        0x0 c:/program files (x86)/atmel/atmel toolchain/avr8 gcc/native/3.4.1056/avr8-gnu-toolchain/bin/../lib/gcc/avr/4.8.1/../../../../avr/lib/avrxmega6\libm.a(fp_pscA.o)
 .data          0x00802000        0x0 c:/program files (x86)/atmel/atmel toolchain/avr8 gcc/native/3.4.1056/avr8-gnu-toolchain/bin/../lib/gcc/avr/4.8.1/../../../../avr/lib/avrxmega6\libm.a(fp_pscB.o)
 .data          0x00802000        0x0 c:/program files (x86)/atmel/atmel toolchain/avr8 gcc/native/3.4.1056/avr8-gnu-toolchain/bin/../lib/gcc/avr/4.8.1/../../../../avr/lib/avrxmega6\libm.a(fp_round.o)
 .data          0x00802000        0x0 c:/program files (x86)/atmel/atmel toolchain/avr8 gcc/native/3.4.1056/avr8-gnu-toolchain/bin/../lib/gcc/avr/4.8.1/../../../../avr/lib/avrxmega6\libm.a(fp_split3.o)
 .data          0x00802000        0x0 c:/program files (x86)/atmel/atmel toolchain/avr8 gcc/native/3.4.1056/avr8-gnu-toolchain/bin/../lib/gcc/avr/4.8.1/../../../../avr/lib/avrxmega6\libm.a(fp_zero.o)
 .data          0x00802000        0x0 c:/program files (x86)/atmel/atmel toolchain/avr8 gcc/native/3.4.1056/avr8-gnu-toolchain/bin/../lib/gcc/avr/4.8.1/../../../../avr/lib/avrxmega6\libm.a(gesf2.o)
 .data          0x00802000        0x0 c:/program files (x86)/atmel/atmel toolchain/avr8 gcc/native/3.4.1056/avr8-gnu-toolchain/bin/../lib/gcc/avr/4.8.1/../../../../avr/lib/avrxmega6\libm.a(mulsf3.o)
 .data          0x00802000        0x0 c:/program files (x86)/atmel/atmel toolchain/avr8 gcc/native/3.4.1056/avr8-gnu-toolchain/bin/../lib/gcc/avr/4.8.1/../../../../avr/lib/avrxmega6\libm.a(mulsf3x.o)
 .data          0x00802000        0x0 c:/program files (x86)/atmel/atmel toolchain/avr8 gcc/native/3.4.1056/avr8-gnu-toolchain/bin/../lib/gcc/avr/4.8.1/../../../../avr/lib/avrxmega6\libprintf_flt.a(vfprintf_flt.o)
 .data          0x00802000        0x0 c:/program files (x86)/atmel/atmel toolchain/avr8 gcc/native/3.4.1056/avr8-gnu-toolchain/bin/../lib/gcc/avr/4.8.1/avrxmega6\libgcc.a(_udivmodhi4.o)
 .data          0x00802000        0x0 c:/program files (x86)/atmel/atmel toolchain/avr8 gcc/native/3.4.1056/avr8-gnu-toolchain/bin/../lib/gcc/avr/4.8.1/avrxmega6\libgcc.a(_udivmodsi4.o)
 .data          0x00802000        0x0 c:/program files (x86)/atmel/atmel toolchain/avr8 gcc/native/3.4.1056/avr8-gnu-toolchain/bin/../lib/gcc/avr/4.8.1/avrxmega6\libgcc.a(_exit.o)
 .data          0x00802000        0x0 c:/program files (x86)/atmel/atmel toolchain/avr8 gcc/native/3.4.1056/avr8-gnu-toolchain/bin/../lib/gcc/avr/4.8.1/avrxmega6\libgcc.a(_tablejump.o)
 .data          0x00802000        0x0 c:/program files (x86)/atmel/atmel toolchain/avr8 gcc/native/3.4.1056/avr8-gnu-toolchain/bin/../lib/gcc/avr/4.8.1/avrxmega6\libgcc.a(_copy_data.o)
 .data          0x00802000        0x0 c:/program files (x86)/atmel/atmel toolchain/avr8 gcc/native/3.4.1056/avr8-gnu-toolchain/bin/../lib/gcc/avr/4.8.1/avrxmega6\libgcc.a(_clear_bss.o)
 .data          0x00802000        0x0 c:/program files (x86)/atmel/atmel toolchain/avr8 gcc/native/3.4.1056/avr8-gnu-toolchain/bin/../lib/gcc/avr/4.8.1/../../../../avr/lib/avrxmega6\libc.a(calloc.o)
 .data          0x00802000        0x6 c:/program files (x86)/atmel/atmel toolchain/avr8 gcc/native/3.4.1056/avr8-gnu-toolchain/bin/../lib/gcc/avr/4.8.1/../../../../avr/lib/avrxmega6\libc.a(malloc.o)
                0x00802000                __malloc_heap_end
                0x00802002                __malloc_heap_start
                0x00802004                __malloc_margin
 .data          0x00802006        0x0 c:/program files (x86)/atmel/atmel toolchain/avr8 gcc/native/3.4.1056/avr8-gnu-toolchain/bin/../lib/gcc/avr/4.8.1/../../../../avr/lib/avrxmega6\libc.a(ftoa_engine.o)
 .data          0x00802006        0x0 c:/program files (x86)/atmel/atmel toolchain/avr8 gcc/native/3.4.1056/avr8-gnu-toolchain/bin/../lib/gcc/avr/4.8.1/../../../../avr/lib/avrxmega6\libc.a(strnlen_P.o)
 .data          0x00802006        0x0 c:/program files (x86)/atmel/atmel toolchain/avr8 gcc/native/3.4.1056/avr8-gnu-toolchain/bin/../lib/gcc/avr/4.8.1/../../../../avr/lib/avrxmega6\libc.a(memcpy.o)
 .data          0x00802006        0x0 c:/program files (x86)/atmel/atmel toolchain/avr8 gcc/native/3.4.1056/avr8-gnu-toolchain/bin/../lib/gcc/avr/4.8.1/../../../../avr/lib/avrxmega6\libc.a(memset.o)
 .data          0x00802006        0x0 c:/program files (x86)/atmel/atmel toolchain/avr8 gcc/native/3.4.1056/avr8-gnu-toolchain/bin/../lib/gcc/avr/4.8.1/../../../../avr/lib/avrxmega6\libc.a(strcat.o)
 .data          0x00802006        0x0 c:/program files (x86)/atmel/atmel toolchain/avr8 gcc/native/3.4.1056/avr8-gnu-toolchain/bin/../lib/gcc/avr/4.8.1/../../../../avr/lib/avrxmega6\libc.a(strnlen.o)
 .data          0x00802006        0x0 c:/program files (x86)/atmel/atmel toolchain/avr8 gcc/native/3.4.1056/avr8-gnu-toolchain/bin/../lib/gcc/avr/4.8.1/../../../../avr/lib/avrxmega6\libc.a(fputc.o)
 .data          0x00802006        0x0 c:/program files (x86)/atmel/atmel toolchain/avr8 gcc/native/3.4.1056/avr8-gnu-toolchain/bin/../lib/gcc/avr/4.8.1/../../../../avr/lib/avrxmega6\libc.a(sprintf.o)
 .data          0x00802006        0x0 c:/program files (x86)/atmel/atmel toolchain/avr8 gcc/native/3.4.1056/avr8-gnu-toolchain/bin/../lib/gcc/avr/4.8.1/../../../../avr/lib/avrxmega6\libc.a(ultoa_invert.o)
 *(.data*)
 .data.udi_hid_generic_report_desc
                0x00802006       0x35 src/ASF/common/services/usb/class/hid/device/generic/udi_hid_generic.o
                0x00802006                udi_hid_generic_report_desc
 .data.udi_api_hid_generic
                0x0080203b        0xa src/ASF/common/services/usb/class/hid/device/generic/udi_hid_generic.o
                0x0080203b                udi_api_hid_generic
 .data.udc_config
                0x00802045        0x6 src/ASF/common/services/usb/class/hid/device/generic/udi_hid_generic_desc.o
                0x00802045                udc_config
 .data.udc_config_fshs
                0x0080204b        0x4 src/ASF/common/services/usb/class/hid/device/generic/udi_hid_generic_desc.o
                0x0080204b                udc_config_fshs
 .data.udi_apis
                0x0080204f        0x2 src/ASF/common/services/usb/class/hid/device/generic/udi_hid_generic_desc.o
                0x0080204f                udi_apis
 *fill*         0x00802051        0x1 
 .data.udc_desc
                0x00802052       0x2a src/ASF/common/services/usb/class/hid/device/generic/udi_hid_generic_desc.o
                0x00802052                udc_desc
 .data.udc_device_desc
                0x0080207c       0x12 src/ASF/common/services/usb/class/hid/device/generic/udi_hid_generic_desc.o
                0x0080207c                udc_device_desc
 .data.udc_string_desc_languageid
                0x0080208e        0x4 src/ASF/common/services/usb/udc/udc.o
 .data.nomRes   0x00802092        0x4 src/DPot.o
 .data.spi_device_conf
                0x00802096        0x1 src/DPot.o
                0x00802096                spi_device_conf
 *(.rodata)
 *(.rodata*)
 .rodata.str1.1
                0x00802097       0xbf src/usbUtils.o
 .rodata.str1.1
                0x00802156        0x9 src/fontUtils.o
 *(.gnu.linkonce.d*)
                0x00802160                . = ALIGN (0x2)
 *fill*         0x0080215f        0x1 
                0x00802160                _edata = .
                0x00802160                PROVIDE (__data_end, .)

.bss            0x00802160      0x1af
                0x00802160                PROVIDE (__bss_start, .)
 *(.bss)
 *(.bss*)
 .bss.adca_enable_count
                0x00802160        0x1 src/ASF/xmega/drivers/adc/adc.o
 *fill*         0x00802161        0x1 
 .bss.udi_hid_generic_report_feature
                0x00802162        0x4 src/ASF/common/services/usb/class/hid/device/generic/udi_hid_generic.o
 .bss.udi_hid_generic_report_out
                0x00802166       0x40 src/ASF/common/services/usb/class/hid/device/generic/udi_hid_generic.o
 .bss.udi_hid_generic_report_in
                0x008021a6       0x40 src/ASF/common/services/usb/class/hid/device/generic/udi_hid_generic.o
 .bss.udi_hid_generic_b_report_in_free
                0x008021e6        0x1 src/ASF/common/services/usb/class/hid/device/generic/udi_hid_generic.o
 *fill*         0x008021e7        0x1 
 .bss.udi_hid_generic_protocol
                0x008021e8        0x2 src/ASF/common/services/usb/class/hid/device/generic/udi_hid_generic.o
 .bss.udi_hid_generic_rate
                0x008021ea        0x2 src/ASF/common/services/usb/class/hid/device/generic/udi_hid_generic.o
 .bss.udc_ep_status.4324
                0x008021ec        0x2 src/ASF/common/services/usb/udc/udc.o
 .bss.udc_iface_setting.4381
                0x008021ee        0x1 src/ASF/common/services/usb/udc/udc.o
 .bss.udc_ptr_iface
                0x008021ef        0x2 src/ASF/common/services/usb/udc/udc.o
 .bss.udc_ptr_conf
                0x008021f1        0x2 src/ASF/common/services/usb/udc/udc.o
 .bss.udc_num_configuration
                0x008021f3        0x1 src/ASF/common/services/usb/udc/udc.o
 .bss.udc_device_status
                0x008021f4        0x2 src/ASF/common/services/usb/udc/udc.o
 .bss.b_shortpacket.5032
                0x008021f6        0x1 src/ASF/xmega/drivers/usb/usb_device.o
 .bss.udd_ep_out_cache_buffer
                0x008021f7       0x80 src/ASF/xmega/drivers/usb/usb_device.o
 .bss.udd_ep_job
                0x00802277       0x24 src/ASF/xmega/drivers/usb/usb_device.o
 .bss.udd_ctrl_buffer
                0x0080229b        0x8 src/ASF/xmega/drivers/usb/usb_device.o
 .bss.udd_ctrl_payload_nb_trans
                0x008022a3        0x2 src/ASF/xmega/drivers/usb/usb_device.o
 .bss.udd_ctrl_prev_payload_nb_trans
                0x008022a5        0x2 src/ASF/xmega/drivers/usb/usb_device.o
 .bss.udd_ep_control_state
                0x008022a7        0x1 src/ASF/xmega/drivers/usb/usb_device.o
 .bss.udd_sram  0x008022a8       0x40 src/ASF/xmega/drivers/usb/usb_device.o
 .bss.udd_b_idle
                0x008022e8        0x1 src/ASF/xmega/drivers/usb/usb_device.o
 *(COMMON)
 COMMON         0x008022e9        0x2 src/ASF/xmega/drivers/adc/adc.o
                0x008022e9                adca_callback
 COMMON         0x008022eb        0xa src/measurements.o
                0x008022eb                adc_conf
                0x008022f1                adcch_conf
 COMMON         0x008022f5        0x6 src/ASF/common/services/sleepmgr/xmega/sleepmgr.o
                0x008022f5                sleepmgr_locks
 COMMON         0x008022fb       0x10 src/ASF/xmega/drivers/usb/usb_device.o
                0x008022fb                udd_g_ctrlreq
 COMMON         0x0080230b        0x4 c:/program files (x86)/atmel/atmel toolchain/avr8 gcc/native/3.4.1056/avr8-gnu-toolchain/bin/../lib/gcc/avr/4.8.1/../../../../avr/lib/avrxmega6\libc.a(malloc.o)
                0x0080230b                __brkval
                0x0080230d                __flp
                0x0080230f                PROVIDE (__bss_end, .)
                0x00003fc8                __data_load_start = LOADADDR (.data)
                0x00004128                __data_load_end = (__data_load_start + SIZEOF (.data))

.noinit         0x0080230f        0x0
                0x0080230f                PROVIDE (__noinit_start, .)
 *(.noinit*)
                0x0080230f                PROVIDE (__noinit_end, .)
                0x0080230f                _end = .
                0x0080230f                PROVIDE (__heap_start, .)

.eeprom         0x00810000        0x0
 *(.eeprom*)
                0x00810000                __eeprom_end = .

.fuse
 *(.fuse)
 *(.lfuse)
 *(.hfuse)
 *(.efuse)

.lock
 *(.lock*)

.signature
 *(.signature*)

.user_signatures
 *(.user_signatures*)

.stab
 *(.stab)

.stabstr
 *(.stabstr)

.stab.excl
 *(.stab.excl)

.stab.exclstr
 *(.stab.exclstr)

.stab.index
 *(.stab.index)

.stab.indexstr
 *(.stab.indexstr)

.comment        0x00000000       0x5c
 *(.comment)
 .comment       0x00000000       0x30 src/ASF/xmega/drivers/adc/adc.o
                                 0x31 (size before relaxing)
 .comment       0x00000000       0x31 src/ASF/xmega/drivers/adc/xmega_bcd/adc_bcd.o
 .comment       0x00000000       0x31 src/measurements.o
 .comment       0x00000000       0x31 src/usbUtils.o
 .comment       0x00000000       0x31 src/utils.o
 .comment       0x00000000       0x31 src/ASF/common/services/clock/xmega/sysclk.o
 .comment       0x00000000       0x31 src/ASF/common/services/ioport/xmega/ioport_compat.o
 .comment       0x00000000       0x31 src/ASF/common/services/sleepmgr/xmega/sleepmgr.o
 .comment       0x00000000       0x31 src/ASF/common/services/spi/xmega_spi/spi_master.o
 .comment       0x00000000       0x31 src/ASF/common/services/usb/class/hid/device/generic/udi_hid_generic.o
 .comment       0x00000000       0x31 src/ASF/common/services/usb/class/hid/device/generic/udi_hid_generic_desc.o
 .comment       0x00000000       0x31 src/ASF/common/services/usb/class/hid/device/udi_hid.o
 .comment       0x00000000       0x31 src/ASF/common/services/usb/udc/udc.o
 .comment       0x00000000       0x31 src/ASF/xmega/boards/xmega_c3_xplained/init.o
 .comment       0x00000000       0x31 src/ASF/xmega/drivers/nvm/nvm.o
 .comment       0x00000000       0x31 src/ASF/xmega/drivers/spi/spi.o
 .comment       0x00000000       0x31 src/ASF/xmega/drivers/usb/usb_device.o
 .comment       0x00000000       0x31 src/DPot.o
 .comment       0x00000000       0x31 src/fontUtils.o
 .comment       0x00000000       0x31 src/main.o
 .comment       0x00000030       0x2c c:/program files (x86)/atmel/atmel toolchain/avr8 gcc/native/3.4.1056/avr8-gnu-toolchain/bin/../lib/gcc/avr/4.8.1/../../../../avr/lib/avrxmega6\libprintf_flt.a(vfprintf_flt.o)
                                 0x2d (size before relaxing)
 .comment       0x00000000       0x31 c:/program files (x86)/atmel/atmel toolchain/avr8 gcc/native/3.4.1056/avr8-gnu-toolchain/bin/../lib/gcc/avr/4.8.1/../../../../avr/lib/avrxmega6\libc.a(calloc.o)
 .comment       0x00000000       0x31 c:/program files (x86)/atmel/atmel toolchain/avr8 gcc/native/3.4.1056/avr8-gnu-toolchain/bin/../lib/gcc/avr/4.8.1/../../../../avr/lib/avrxmega6\libc.a(malloc.o)
 .comment       0x00000000       0x31 c:/program files (x86)/atmel/atmel toolchain/avr8 gcc/native/3.4.1056/avr8-gnu-toolchain/bin/../lib/gcc/avr/4.8.1/../../../../avr/lib/avrxmega6\libc.a(fputc.o)
 .comment       0x00000000       0x31 c:/program files (x86)/atmel/atmel toolchain/avr8 gcc/native/3.4.1056/avr8-gnu-toolchain/bin/../lib/gcc/avr/4.8.1/../../../../avr/lib/avrxmega6\libc.a(sprintf.o)

.note.gnu.build-id
 *(.note.gnu.build-id)

.debug
 *(.debug)

.line
 *(.line)

.debug_srcinfo
 *(.debug_srcinfo)

.debug_sfnames
 *(.debug_sfnames)

.debug_aranges  0x00000000      0x6a8
 *(.debug_aranges)
 .debug_aranges
                0x00000000       0x48 src/ASF/xmega/drivers/adc/adc.o
 .debug_aranges
                0x00000048       0x40 src/ASF/xmega/drivers/adc/xmega_bcd/adc_bcd.o
 .debug_aranges
                0x00000088       0x90 src/measurements.o
 .debug_aranges
                0x00000118       0x50 src/usbUtils.o
 .debug_aranges
                0x00000168       0x20 src/utils.o
 .debug_aranges
                0x00000188       0x40 src/ASF/common/services/clock/xmega/sysclk.o
 .debug_aranges
                0x000001c8       0x20 src/ASF/common/services/ioport/xmega/ioport_compat.o
 .debug_aranges
                0x000001e8       0x18 src/ASF/common/services/sleepmgr/xmega/sleepmgr.o
 .debug_aranges
                0x00000200       0x48 src/ASF/common/services/spi/xmega_spi/spi_master.o
 .debug_aranges
                0x00000248       0x68 src/ASF/common/services/usb/class/hid/device/generic/udi_hid_generic.o
 .debug_aranges
                0x000002b0       0x18 src/ASF/common/services/usb/class/hid/device/generic/udi_hid_generic_desc.o
 .debug_aranges
                0x000002c8       0x20 src/ASF/common/services/usb/class/hid/device/udi_hid.o
 .debug_aranges
                0x000002e8       0x70 src/ASF/common/services/usb/udc/udc.o
 .debug_aranges
                0x00000358       0x20 src/ASF/xmega/boards/xmega_c3_xplained/init.o
 .debug_aranges
                0x00000378       0x20 src/ASF/xmega/drivers/cpu/ccp.o
 .debug_aranges
                0x00000398       0xc0 src/ASF/xmega/drivers/nvm/nvm.o
 .debug_aranges
                0x00000458       0x28 src/ASF/xmega/drivers/nvm/nvm_asm.o
 .debug_aranges
                0x00000480       0x20 src/ASF/xmega/drivers/spi/spi.o
 .debug_aranges
                0x000004a0      0x120 src/ASF/xmega/drivers/usb/usb_device.o
 .debug_aranges
                0x000005c0       0x88 src/DPot.o
 .debug_aranges
                0x00000648       0x40 src/fontUtils.o
 .debug_aranges
                0x00000688       0x20 src/main.o

.debug_pubnames
 *(.debug_pubnames)

.debug_info     0x00000000     0xd47a
 *(.debug_info .gnu.linkonce.wi.*)
 .debug_info    0x00000000      0x9a7 src/ASF/xmega/drivers/adc/adc.o
 .debug_info    0x000009a7      0xb7f src/ASF/xmega/drivers/adc/xmega_bcd/adc_bcd.o
 .debug_info    0x00001526     0x1ccc src/measurements.o
 .debug_info    0x000031f2      0xe10 src/usbUtils.o
 .debug_info    0x00004002       0xa0 src/utils.o
 .debug_info    0x000040a2      0xc44 src/ASF/common/services/clock/xmega/sysclk.o
 .debug_info    0x00004ce6      0x11d src/ASF/common/services/ioport/xmega/ioport_compat.o
 .debug_info    0x00004e03      0x121 src/ASF/common/services/sleepmgr/xmega/sleepmgr.o
 .debug_info    0x00004f24      0xb84 src/ASF/common/services/spi/xmega_spi/spi_master.o
 .debug_info    0x00005aa8      0x69a src/ASF/common/services/usb/class/hid/device/generic/udi_hid_generic.o
 .debug_info    0x00006142      0x691 src/ASF/common/services/usb/class/hid/device/generic/udi_hid_generic_desc.o
 .debug_info    0x000067d3      0x416 src/ASF/common/services/usb/class/hid/device/udi_hid.o
 .debug_info    0x00006be9     0x10f4 src/ASF/common/services/usb/udc/udc.o
 .debug_info    0x00007cdd      0x9e3 src/ASF/xmega/boards/xmega_c3_xplained/init.o
 .debug_info    0x000086c0       0x82 src/ASF/xmega/drivers/cpu/ccp.o
 .debug_info    0x00008742     0x13c6 src/ASF/xmega/drivers/nvm/nvm.o
 .debug_info    0x00009b08       0x82 src/ASF/xmega/drivers/nvm/nvm_asm.o
 .debug_info    0x00009b8a      0x1b9 src/ASF/xmega/drivers/spi/spi.o
 .debug_info    0x00009d43     0x1e1c src/ASF/xmega/drivers/usb/usb_device.o
 .debug_info    0x0000bb5f      0xd20 src/DPot.o
 .debug_info    0x0000c87f      0x24e src/fontUtils.o
 .debug_info    0x0000cacd      0x9ad src/main.o

.debug_abbrev   0x00000000     0x2f55
 *(.debug_abbrev)
 .debug_abbrev  0x00000000      0x2ac src/ASF/xmega/drivers/adc/adc.o
 .debug_abbrev  0x000002ac      0x32a src/ASF/xmega/drivers/adc/xmega_bcd/adc_bcd.o
 .debug_abbrev  0x000005d6      0x443 src/measurements.o
 .debug_abbrev  0x00000a19      0x2b7 src/usbUtils.o
 .debug_abbrev  0x00000cd0       0x65 src/utils.o
 .debug_abbrev  0x00000d35      0x2cd src/ASF/common/services/clock/xmega/sysclk.o
 .debug_abbrev  0x00001002       0x93 src/ASF/common/services/ioport/xmega/ioport_compat.o
 .debug_abbrev  0x00001095       0x80 src/ASF/common/services/sleepmgr/xmega/sleepmgr.o
 .debug_abbrev  0x00001115      0x29c src/ASF/common/services/spi/xmega_spi/spi_master.o
 .debug_abbrev  0x000013b1      0x31b src/ASF/common/services/usb/class/hid/device/generic/udi_hid_generic.o
 .debug_abbrev  0x000016cc       0xfe src/ASF/common/services/usb/class/hid/device/generic/udi_hid_generic_desc.o
 .debug_abbrev  0x000017ca      0x180 src/ASF/common/services/usb/class/hid/device/udi_hid.o
 .debug_abbrev  0x0000194a      0x3af src/ASF/common/services/usb/udc/udc.o
 .debug_abbrev  0x00001cf9      0x160 src/ASF/xmega/boards/xmega_c3_xplained/init.o
 .debug_abbrev  0x00001e59       0x14 src/ASF/xmega/drivers/cpu/ccp.o
 .debug_abbrev  0x00001e6d      0x3de src/ASF/xmega/drivers/nvm/nvm.o
 .debug_abbrev  0x0000224b       0x12 src/ASF/xmega/drivers/nvm/nvm_asm.o
 .debug_abbrev  0x0000225d       0xf6 src/ASF/xmega/drivers/spi/spi.o
 .debug_abbrev  0x00002353      0x5b2 src/ASF/xmega/drivers/usb/usb_device.o
 .debug_abbrev  0x00002905      0x33b src/DPot.o
 .debug_abbrev  0x00002c40       0xfd src/fontUtils.o
 .debug_abbrev  0x00002d3d      0x218 src/main.o

.debug_line     0x00000000     0xa354
 *(.debug_line .debug_line.* .debug_line_end)
 .debug_line    0x00000000      0x721 src/ASF/xmega/drivers/adc/adc.o
 .debug_line    0x00000721      0x7c3 src/ASF/xmega/drivers/adc/xmega_bcd/adc_bcd.o
 .debug_line    0x00000ee4      0xd4b src/measurements.o
 .debug_line    0x00001c2f      0xcea src/usbUtils.o
 .debug_line    0x00002919      0x17a src/utils.o
 .debug_line    0x00002a93      0x710 src/ASF/common/services/clock/xmega/sysclk.o
 .debug_line    0x000031a3      0x48d src/ASF/common/services/ioport/xmega/ioport_compat.o
 .debug_line    0x00003630      0x430 src/ASF/common/services/sleepmgr/xmega/sleepmgr.o
 .debug_line    0x00003a60      0x74b src/ASF/common/services/spi/xmega_spi/spi_master.o
 .debug_line    0x000041ab      0x6a2 src/ASF/common/services/usb/class/hid/device/generic/udi_hid_generic.o
 .debug_line    0x0000484d      0x4fe src/ASF/common/services/usb/class/hid/device/generic/udi_hid_generic_desc.o
 .debug_line    0x00004d4b      0x5f0 src/ASF/common/services/usb/class/hid/device/udi_hid.o
 .debug_line    0x0000533b      0xa8c src/ASF/common/services/usb/udc/udc.o
 .debug_line    0x00005dc7      0x4b4 src/ASF/xmega/boards/xmega_c3_xplained/init.o
 .debug_line    0x0000627b       0x6e src/ASF/xmega/drivers/cpu/ccp.o
 .debug_line    0x000062e9      0xb37 src/ASF/xmega/drivers/nvm/nvm.o
 .debug_line    0x00006e20      0x11f src/ASF/xmega/drivers/nvm/nvm_asm.o
 .debug_line    0x00006f3f      0x4d1 src/ASF/xmega/drivers/spi/spi.o
 .debug_line    0x00007410     0x14b6 src/ASF/xmega/drivers/usb/usb_device.o
 .debug_line    0x000088c6      0xcfb src/DPot.o
 .debug_line    0x000095c1      0x2a1 src/fontUtils.o
 .debug_line    0x00009862      0xaf2 src/main.o

.debug_frame    0x00000000     0x1260
 *(.debug_frame)
 .debug_frame   0x00000000       0x8c src/ASF/xmega/drivers/adc/adc.o
 .debug_frame   0x0000008c      0x124 src/ASF/xmega/drivers/adc/xmega_bcd/adc_bcd.o
 .debug_frame   0x000001b0      0x190 src/measurements.o
 .debug_frame   0x00000340      0x18c src/usbUtils.o
 .debug_frame   0x000004cc       0x24 src/utils.o
 .debug_frame   0x000004f0       0x74 src/ASF/common/services/clock/xmega/sysclk.o
 .debug_frame   0x00000564       0x30 src/ASF/common/services/ioport/xmega/ioport_compat.o
 .debug_frame   0x00000594       0x9c src/ASF/common/services/spi/xmega_spi/spi_master.o
 .debug_frame   0x00000630       0xd0 src/ASF/common/services/usb/class/hid/device/generic/udi_hid_generic.o
 .debug_frame   0x00000700       0x30 src/ASF/common/services/usb/class/hid/device/udi_hid.o
 .debug_frame   0x00000730      0x120 src/ASF/common/services/usb/udc/udc.o
 .debug_frame   0x00000850       0x24 src/ASF/xmega/boards/xmega_c3_xplained/init.o
 .debug_frame   0x00000874      0x348 src/ASF/xmega/drivers/nvm/nvm.o
 .debug_frame   0x00000bbc       0x4c src/ASF/xmega/drivers/spi/spi.o
 .debug_frame   0x00000c08      0x3d0 src/ASF/xmega/drivers/usb/usb_device.o
 .debug_frame   0x00000fd8      0x188 src/DPot.o
 .debug_frame   0x00001160       0xdc src/fontUtils.o
 .debug_frame   0x0000123c       0x24 src/main.o

.debug_str      0x00000000    0x2f7c3
 *(.debug_str)
 .debug_str     0x00000000    0x248ed src/ASF/xmega/drivers/adc/adc.o
                              0x24d49 (size before relaxing)
 .debug_str     0x000248ed      0x52e src/ASF/xmega/drivers/adc/xmega_bcd/adc_bcd.o
                              0x24f60 (size before relaxing)
 .debug_str     0x00024e1b     0x473f src/measurements.o
                              0x29a2e (size before relaxing)
 .debug_str     0x0002955a      0x5e3 src/usbUtils.o
                              0x28cec (size before relaxing)
 .debug_str     0x00029b3d       0x1b src/utils.o
                               0x3dbb (size before relaxing)
 .debug_str     0x00029b58      0x32c src/ASF/common/services/clock/xmega/sysclk.o
                              0x24846 (size before relaxing)
 .debug_str     0x00029e84       0x41 src/ASF/common/services/ioport/xmega/ioport_compat.o
                              0x2257c (size before relaxing)
 .debug_str     0x00029ec5       0x35 src/ASF/common/services/sleepmgr/xmega/sleepmgr.o
                              0x223b0 (size before relaxing)
 .debug_str     0x00029efa      0x2a6 src/ASF/common/services/spi/xmega_spi/spi_master.o
                              0x24bd9 (size before relaxing)
 .debug_str     0x0002a1a0      0x3c4 src/ASF/common/services/usb/class/hid/device/generic/udi_hid_generic.o
                              0x24c8b (size before relaxing)
 .debug_str     0x0002a564      0x51d src/ASF/common/services/usb/class/hid/device/generic/udi_hid_generic_desc.o
                              0x24c15 (size before relaxing)
 .debug_str     0x0002aa81      0x220 src/ASF/common/services/usb/class/hid/device/udi_hid.o
                              0x24aaf (size before relaxing)
 .debug_str     0x0002aca1      0x636 src/ASF/common/services/usb/udc/udc.o
                              0x251fa (size before relaxing)
 .debug_str     0x0002b2d7      0x139 src/ASF/xmega/boards/xmega_c3_xplained/init.o
                              0x23c93 (size before relaxing)
 .debug_str     0x0002b410      0x56b src/ASF/xmega/drivers/nvm/nvm.o
                              0x22ade (size before relaxing)
 .debug_str     0x0002b97b       0xba src/ASF/xmega/drivers/spi/spi.o
                              0x225fb (size before relaxing)
 .debug_str     0x0002ba35     0x3655 src/ASF/xmega/drivers/usb/usb_device.o
                              0x2ab2f (size before relaxing)
 .debug_str     0x0002f08a      0x69d src/DPot.o
                              0x28ea5 (size before relaxing)
 .debug_str     0x0002f727       0x4a src/fontUtils.o
                               0x4471 (size before relaxing)
 .debug_str     0x0002f771       0x52 src/main.o
                              0x28ef2 (size before relaxing)

.debug_loc      0x00000000     0x53d4
 *(.debug_loc)
 .debug_loc     0x00000000      0x196 src/ASF/xmega/drivers/adc/adc.o
 .debug_loc     0x00000196      0x587 src/ASF/xmega/drivers/adc/xmega_bcd/adc_bcd.o
 .debug_loc     0x0000071d      0x5ff src/measurements.o
 .debug_loc     0x00000d1c      0x861 src/usbUtils.o
 .debug_loc     0x0000157d       0x72 src/utils.o
 .debug_loc     0x000015ef      0x31e src/ASF/common/services/clock/xmega/sysclk.o
 .debug_loc     0x0000190d       0x66 src/ASF/common/services/ioport/xmega/ioport_compat.o
 .debug_loc     0x00001973      0x52e src/ASF/common/services/spi/xmega_spi/spi_master.o
 .debug_loc     0x00001ea1      0x15e src/ASF/common/services/usb/class/hid/device/generic/udi_hid_generic.o
 .debug_loc     0x00001fff      0x318 src/ASF/common/services/usb/class/hid/device/udi_hid.o
 .debug_loc     0x00002317      0x4f1 src/ASF/common/services/usb/udc/udc.o
 .debug_loc     0x00002808     0x1141 src/ASF/xmega/drivers/nvm/nvm.o
 .debug_loc     0x00003949      0x105 src/ASF/xmega/drivers/spi/spi.o
 .debug_loc     0x00003a4e      0xfa3 src/ASF/xmega/drivers/usb/usb_device.o
 .debug_loc     0x000049f1      0x565 src/DPot.o
 .debug_loc     0x00004f56      0x42d src/fontUtils.o
 .debug_loc     0x00005383       0x51 src/main.o

.debug_macinfo
 *(.debug_macinfo)

.debug_weaknames
 *(.debug_weaknames)

.debug_funcnames
 *(.debug_funcnames)

.debug_typenames
 *(.debug_typenames)

.debug_varnames
 *(.debug_varnames)

.debug_pubtypes
 *(.debug_pubtypes)

.debug_ranges   0x00000000      0x5c0
 *(.debug_ranges)
 .debug_ranges  0x00000000       0x38 src/ASF/xmega/drivers/adc/adc.o
 .debug_ranges  0x00000038       0x30 src/ASF/xmega/drivers/adc/xmega_bcd/adc_bcd.o
 .debug_ranges  0x00000068       0xb0 src/measurements.o
 .debug_ranges  0x00000118       0x40 src/usbUtils.o
 .debug_ranges  0x00000158       0x10 src/utils.o
 .debug_ranges  0x00000168       0x30 src/ASF/common/services/clock/xmega/sysclk.o
 .debug_ranges  0x00000198       0x10 src/ASF/common/services/ioport/xmega/ioport_compat.o
 .debug_ranges  0x000001a8       0x38 src/ASF/common/services/spi/xmega_spi/spi_master.o
 .debug_ranges  0x000001e0       0x58 src/ASF/common/services/usb/class/hid/device/generic/udi_hid_generic.o
 .debug_ranges  0x00000238       0x10 src/ASF/common/services/usb/class/hid/device/udi_hid.o
 .debug_ranges  0x00000248       0x60 src/ASF/common/services/usb/udc/udc.o
 .debug_ranges  0x000002a8       0x10 src/ASF/xmega/boards/xmega_c3_xplained/init.o
 .debug_ranges  0x000002b8       0xb0 src/ASF/xmega/drivers/nvm/nvm.o
 .debug_ranges  0x00000368       0x20 src/ASF/xmega/drivers/nvm/nvm_asm.o
 .debug_ranges  0x00000388       0x10 src/ASF/xmega/drivers/spi/spi.o
 .debug_ranges  0x00000398      0x128 src/ASF/xmega/drivers/usb/usb_device.o
 .debug_ranges  0x000004c0       0x78 src/DPot.o
 .debug_ranges  0x00000538       0x30 src/fontUtils.o
 .debug_ranges  0x00000568       0x58 src/main.o

.debug_macro    0x00000000     0xc612
 *(.debug_macro)
 .debug_macro   0x00000000      0x22f src/ASF/xmega/drivers/adc/adc.o
 .debug_macro   0x0000022f      0xa72 src/ASF/xmega/drivers/adc/adc.o
 .debug_macro   0x00000ca1       0x10 src/ASF/xmega/drivers/adc/adc.o
 .debug_macro   0x00000cb1      0x1ad src/ASF/xmega/drivers/adc/adc.o
 .debug_macro   0x00000e5e      0x293 src/ASF/xmega/drivers/adc/adc.o
 .debug_macro   0x000010f1       0x9e src/ASF/xmega/drivers/adc/adc.o
 .debug_macro   0x0000118f     0x4ed9 src/ASF/xmega/drivers/adc/adc.o
 .debug_macro   0x00006068       0x9a src/ASF/xmega/drivers/adc/adc.o
 .debug_macro   0x00006102       0xf1 src/ASF/xmega/drivers/adc/adc.o
 .debug_macro   0x000061f3       0x34 src/ASF/xmega/drivers/adc/adc.o
 .debug_macro   0x00006227       0x10 src/ASF/xmega/drivers/adc/adc.o
 .debug_macro   0x00006237       0x18 src/ASF/xmega/drivers/adc/adc.o
 .debug_macro   0x0000624f       0x5e src/ASF/xmega/drivers/adc/adc.o
 .debug_macro   0x000062ad       0x10 src/ASF/xmega/drivers/adc/adc.o
 .debug_macro   0x000062bd       0x22 src/ASF/xmega/drivers/adc/adc.o
 .debug_macro   0x000062df      0x166 src/ASF/xmega/drivers/adc/adc.o
 .debug_macro   0x00006445       0x1c src/ASF/xmega/drivers/adc/adc.o
 .debug_macro   0x00006461       0x35 src/ASF/xmega/drivers/adc/adc.o
 .debug_macro   0x00006496       0x66 src/ASF/xmega/drivers/adc/adc.o
 .debug_macro   0x000064fc      0x4b5 src/ASF/xmega/drivers/adc/adc.o
 .debug_macro   0x000069b1       0x97 src/ASF/xmega/drivers/adc/adc.o
 .debug_macro   0x00006a48       0x17 src/ASF/xmega/drivers/adc/adc.o
 .debug_macro   0x00006a5f      0x250 src/ASF/xmega/drivers/adc/adc.o
 .debug_macro   0x00006caf       0x76 src/ASF/xmega/drivers/adc/adc.o
 .debug_macro   0x00006d25       0x16 src/ASF/xmega/drivers/adc/adc.o
 .debug_macro   0x00006d3b      0x6e0 src/ASF/xmega/drivers/adc/adc.o
 .debug_macro   0x0000741b       0x10 src/ASF/xmega/drivers/adc/adc.o
 .debug_macro   0x0000742b      0x175 src/ASF/xmega/drivers/adc/adc.o
 .debug_macro   0x000075a0       0x40 src/ASF/xmega/drivers/adc/adc.o
 .debug_macro   0x000075e0       0x69 src/ASF/xmega/drivers/adc/adc.o
 .debug_macro   0x00007649       0x32 src/ASF/xmega/drivers/adc/adc.o
 .debug_macro   0x0000767b       0xe4 src/ASF/xmega/drivers/adc/adc.o
 .debug_macro   0x0000775f       0x16 src/ASF/xmega/drivers/adc/adc.o
 .debug_macro   0x00007775       0x20 src/ASF/xmega/drivers/adc/adc.o
 .debug_macro   0x00007795       0x10 src/ASF/xmega/drivers/adc/adc.o
 .debug_macro   0x000077a5       0x5e src/ASF/xmega/drivers/adc/adc.o
 .debug_macro   0x00007803       0x2e src/ASF/xmega/drivers/adc/adc.o
 .debug_macro   0x00007831      0x237 src/ASF/xmega/drivers/adc/adc.o
 .debug_macro   0x00007a68      0x295 src/ASF/xmega/drivers/adc/adc.o
 .debug_macro   0x00007cfd       0x7b src/ASF/xmega/drivers/adc/adc.o
 .debug_macro   0x00007d78       0x2f src/ASF/xmega/drivers/adc/adc.o
 .debug_macro   0x00007da7      0x154 src/ASF/xmega/drivers/adc/adc.o
 .debug_macro   0x00007efb       0xab src/ASF/xmega/drivers/adc/adc.o
 .debug_macro   0x00007fa6      0x22f src/ASF/xmega/drivers/adc/xmega_bcd/adc_bcd.o
 .debug_macro   0x000081d5      0x3a3 src/measurements.o
 .debug_macro   0x00008578       0x34 src/measurements.o
 .debug_macro   0x000085ac       0x28 src/measurements.o
 .debug_macro   0x000085d4       0x22 src/measurements.o
 .debug_macro   0x000085f6       0x82 src/measurements.o
 .debug_macro   0x00008678      0x109 src/measurements.o
 .debug_macro   0x00008781       0x40 src/measurements.o
 .debug_macro   0x000087c1       0x2e src/measurements.o
 .debug_macro   0x000087ef       0x62 src/measurements.o
 .debug_macro   0x00008851       0x28 src/measurements.o
 .debug_macro   0x00008879      0x241 src/measurements.o
 .debug_macro   0x00008aba      0x17e src/measurements.o
 .debug_macro   0x00008c38      0x44f src/measurements.o
 .debug_macro   0x00009087       0x16 src/measurements.o
 .debug_macro   0x0000909d       0x10 src/measurements.o
 .debug_macro   0x000090ad       0x22 src/measurements.o
 .debug_macro   0x000090cf       0x1c src/measurements.o
 .debug_macro   0x000090eb       0x58 src/measurements.o
 .debug_macro   0x00009143       0x10 src/measurements.o
 .debug_macro   0x00009153       0xeb src/measurements.o
 .debug_macro   0x0000923e       0x64 src/measurements.o
 .debug_macro   0x000092a2      0x3d3 src/usbUtils.o
 .debug_macro   0x00009675       0x97 src/usbUtils.o
 .debug_macro   0x0000970c       0x16 src/usbUtils.o
 .debug_macro   0x00009722       0x20 src/usbUtils.o
 .debug_macro   0x00009742       0x16 src/usbUtils.o
 .debug_macro   0x00009758       0x4c src/usbUtils.o
 .debug_macro   0x000097a4       0xaa src/usbUtils.o
 .debug_macro   0x0000984e       0xef src/usbUtils.o
 .debug_macro   0x0000993d       0x5a src/usbUtils.o
 .debug_macro   0x00009997       0x76 src/usbUtils.o
 .debug_macro   0x00009a0d       0x63 src/utils.o
 .debug_macro   0x00009a70      0x1db src/ASF/common/services/clock/xmega/sysclk.o
 .debug_macro   0x00009c4b       0x26 src/ASF/common/services/clock/xmega/sysclk.o
 .debug_macro   0x00009c71      0x193 src/ASF/common/services/ioport/xmega/ioport_compat.o
 .debug_macro   0x00009e04      0x1a3 src/ASF/common/services/sleepmgr/xmega/sleepmgr.o
 .debug_macro   0x00009fa7      0x225 src/ASF/common/services/spi/xmega_spi/spi_master.o
 .debug_macro   0x0000a1cc      0x21a src/ASF/common/services/usb/class/hid/device/generic/udi_hid_generic.o
 .debug_macro   0x0000a3e6       0x5c src/ASF/common/services/usb/class/hid/device/generic/udi_hid_generic.o
 .debug_macro   0x0000a442       0x1c src/ASF/common/services/usb/class/hid/device/generic/udi_hid_generic.o
 .debug_macro   0x0000a45e      0x1fa src/ASF/common/services/usb/class/hid/device/generic/udi_hid_generic_desc.o
 .debug_macro   0x0000a658      0x202 src/ASF/common/services/usb/class/hid/device/udi_hid.o
 .debug_macro   0x0000a85a      0x207 src/ASF/common/services/usb/udc/udc.o
 .debug_macro   0x0000aa61      0x1b5 src/ASF/xmega/boards/xmega_c3_xplained/init.o
 .debug_macro   0x0000ac16       0x3a src/ASF/xmega/boards/xmega_c3_xplained/init.o
 .debug_macro   0x0000ac50      0x231 src/ASF/xmega/boards/xmega_c3_xplained/init.o
 .debug_macro   0x0000ae81      0x198 src/ASF/xmega/drivers/nvm/nvm.o
 .debug_macro   0x0000b019      0x1a7 src/ASF/xmega/drivers/spi/spi.o
 .debug_macro   0x0000b1c0      0x2d0 src/ASF/xmega/drivers/usb/usb_device.o
 .debug_macro   0x0000b490      0x467 src/ASF/xmega/drivers/usb/usb_device.o
 .debug_macro   0x0000b8f7      0x3b2 src/DPot.o
 .debug_macro   0x0000bca9      0x16d src/DPot.o
 .debug_macro   0x0000be16       0x60 src/DPot.o
 .debug_macro   0x0000be76       0x4c src/DPot.o
 .debug_macro   0x0000bec2       0x83 src/fontUtils.o
 .debug_macro   0x0000bf45      0x10e src/fontUtils.o
 .debug_macro   0x0000c053      0x167 src/fontUtils.o
 .debug_macro   0x0000c1ba      0x3dc src/main.o
 .debug_macro   0x0000c596       0x7c src/main.o
OUTPUT(SPI POT.elf elf32-avr)
LOAD linker stubs

.BOOT           0x00060000        0x0
